#-----------------------------------------------------------
# Vivado v2018.3 (64-bit)
# SW Build 2405991 on Thu Dec  6 23:38:27 MST 2018
# IP Build 2404404 on Fri Dec  7 01:43:56 MST 2018
# Start of session at: Wed May 15 11:58:17 2019
# Process ID: 1964
# Current directory: C:/Users/Leonardo/Documents/Arquivos Leonardo/UnB/9 Semestre/Projeto de Circuitos Reconfiguraveis/PCR/Listas_de_Exercicios/ping_pong_fsm/ping_pong_fsm.runs/impl_1
# Command line: vivado.exe -log test_ping_pong.vdi -applog -product Vivado -messageDb vivado.pb -mode batch -source test_ping_pong.tcl -notrace
# Log file: C:/Users/Leonardo/Documents/Arquivos Leonardo/UnB/9 Semestre/Projeto de Circuitos Reconfiguraveis/PCR/Listas_de_Exercicios/ping_pong_fsm/ping_pong_fsm.runs/impl_1/test_ping_pong.vdi
# Journal file: C:/Users/Leonardo/Documents/Arquivos Leonardo/UnB/9 Semestre/Projeto de Circuitos Reconfiguraveis/PCR/Listas_de_Exercicios/ping_pong_fsm/ping_pong_fsm.runs/impl_1\vivado.jou
#-----------------------------------------------------------
source test_ping_pong.tcl -notrace
