#-----------------------------------------------------------
# Vivado v2018.3 (64-bit)
# SW Build 2405991 on Thu Dec  6 23:38:27 MST 2018
# IP Build 2404404 on Fri Dec  7 01:43:56 MST 2018
# Start of session at: Fri May 10 01:26:27 2019
# Process ID: 8948
# Current directory: C:/Users/Leonardo/Documents/Arquivos Leonardo/UnB/9 Semestre/Projeto de Circuitos Reconfiguraveis/PCR/Listas_de_Exercicios/PCR2019_Ping_Pong
# Command line: vivado.exe -gui_launcher_event rodinguilauncherevent6580 C:\Users\Leonardo\Documents\Arquivos Leonardo\UnB\9 Semestre\Projeto de Circuitos Reconfiguraveis\PCR\Listas_de_Exercicios\PCR2019_Ping_Pong\PCR2019_Ping_Pong.xpr
# Log file: C:/Users/Leonardo/Documents/Arquivos Leonardo/UnB/9 Semestre/Projeto de Circuitos Reconfiguraveis/PCR/Listas_de_Exercicios/PCR2019_Ping_Pong/vivado.log
# Journal file: C:/Users/Leonardo/Documents/Arquivos Leonardo/UnB/9 Semestre/Projeto de Circuitos Reconfiguraveis/PCR/Listas_de_Exercicios/PCR2019_Ping_Pong\vivado.jou
#-----------------------------------------------------------
start_gui
open_project {C:/Users/Leonardo/Documents/Arquivos Leonardo/UnB/9 Semestre/Projeto de Circuitos Reconfiguraveis/PCR/Listas_de_Exercicios/PCR2019_Ping_Pong/PCR2019_Ping_Pong.xpr}
open_run impl_1
