#-----------------------------------------------------------
# Vivado v2018.3 (64-bit)
# SW Build 2405991 on Thu Dec  6 23:38:27 MST 2018
# IP Build 2404404 on Fri Dec  7 01:43:56 MST 2018
# Start of session at: Fri Mar 29 23:13:28 2019
# Process ID: 4564
# Current directory: C:/Users/Leonardo/Documents/Arquivos Leonardo/UnB/9 Semestre/Projeto de Circuitos Reconfiguraveis/PCR2019_Ping_Pong
# Command line: vivado.exe -gui_launcher_event rodinguilauncherevent4404 C:\Users\Leonardo\Documents\Arquivos Leonardo\UnB\9 Semestre\Projeto de Circuitos Reconfiguraveis\PCR2019_Ping_Pong\PCR2019_Ping_Pong.xpr
# Log file: C:/Users/Leonardo/Documents/Arquivos Leonardo/UnB/9 Semestre/Projeto de Circuitos Reconfiguraveis/PCR2019_Ping_Pong/vivado.log
# Journal file: C:/Users/Leonardo/Documents/Arquivos Leonardo/UnB/9 Semestre/Projeto de Circuitos Reconfiguraveis/PCR2019_Ping_Pong\vivado.jou
#-----------------------------------------------------------
start_gui
open_project {C:/Users/Leonardo/Documents/Arquivos Leonardo/UnB/9 Semestre/Projeto de Circuitos Reconfiguraveis/PCR2019_Ping_Pong/PCR2019_Ping_Pong.xpr}
update_compile_order -fileset sources_1
file mkdir C:/Users/Leonardo/Documents/Arquivos Leonardo/UnB/9 Semestre/Projeto de Circuitos Reconfiguraveis/PCR2019_Ping_Pong/PCR2019_Ping_Pong.srcs/sim_1/new
file mkdir C:/Users/Leonardo/Documents/Arquivos Leonardo/UnB/9 Semestre/Projeto de Circuitos Reconfiguraveis/PCR2019_Ping_Pong/PCR2019_Ping_Pong.srcs/sim_1/new
file mkdir C:/Users/Leonardo/Documents/Arquivos Leonardo/UnB/9 Semestre/Projeto de Circuitos Reconfiguraveis/PCR2019_Ping_Pong/PCR2019_Ping_Pong.srcs/sim_1/new
file mkdir C:/Users/Leonardo/Documents/Arquivos Leonardo/UnB/9 Semestre/Projeto de Circuitos Reconfiguraveis/PCR2019_Ping_Pong/PCR2019_Ping_Pong.srcs/sim_1/new
file mkdir C:/Users/Leonardo/Documents/Arquivos Leonardo/UnB/9 Semestre/Projeto de Circuitos Reconfiguraveis/PCR2019_Ping_Pong/PCR2019_Ping_Pong.srcs/sim_1/new
set_property SOURCE_SET sources_1 [get_filesets sim_1]
file mkdir C:/Users/Leonardo/Documents/Arquivos Leonardo/UnB/9 Semestre/Projeto de Circuitos Reconfiguraveis/PCR2019_Ping_Pong/PCR2019_Ping_Pong.srcs/sim_1/new
file mkdir {C:/Users/Leonardo/Documents/Arquivos Leonardo/UnB/9 Semestre/Projeto de Circuitos Reconfiguraveis/PCR2019_Ping_Pong/PCR2019_Ping_Pong.srcs/sim_1/new}
close [ open {C:/Users/Leonardo/Documents/Arquivos Leonardo/UnB/9 Semestre/Projeto de Circuitos Reconfiguraveis/PCR2019_Ping_Pong/PCR2019_Ping_Pong.srcs/sim_1/new/ping_pong_tb.vhd} w ]
add_files -fileset sim_1 {{C:/Users/Leonardo/Documents/Arquivos Leonardo/UnB/9 Semestre/Projeto de Circuitos Reconfiguraveis/PCR2019_Ping_Pong/PCR2019_Ping_Pong.srcs/sim_1/new/ping_pong_tb.vhd}}
update_compile_order -fileset sim_1
export_ip_user_files -of_objects  [get_files {{C:/Users/Leonardo/Documents/Arquivos Leonardo/UnB/9 Semestre/Projeto de Circuitos Reconfiguraveis/PCR2019_Ping_Pong/PCR2019_Ping_Pong.srcs/sim_1/new/ping_pong_tb.vhd}}] -no_script -reset -force -quiet
remove_files  -fileset sim_1 {{C:/Users/Leonardo/Documents/Arquivos Leonardo/UnB/9 Semestre/Projeto de Circuitos Reconfiguraveis/PCR2019_Ping_Pong/PCR2019_Ping_Pong.srcs/sim_1/new/ping_pong_tb.vhd}}
file delete -force {C:/Users/Leonardo/Documents/Arquivos Leonardo/UnB/9 Semestre/Projeto de Circuitos Reconfiguraveis/PCR2019_Ping_Pong/PCR2019_Ping_Pong.srcs/sim_1/new/ping_pong_tb.vhd}
set_property SOURCE_SET sources_1 [get_filesets sim_1]
close [ open {C:/Users/Leonardo/Documents/Arquivos Leonardo/UnB/9 Semestre/Projeto de Circuitos Reconfiguraveis/PCR2019_Ping_Pong/PCR2019_Ping_Pong.srcs/sim_1/new/ping_pong_tb.vhd} w ]
add_files -fileset sim_1 {{C:/Users/Leonardo/Documents/Arquivos Leonardo/UnB/9 Semestre/Projeto de Circuitos Reconfiguraveis/PCR2019_Ping_Pong/PCR2019_Ping_Pong.srcs/sim_1/new/ping_pong_tb.vhd}}
update_compile_order -fileset sim_1
set_property top ping_pong_tb [get_filesets sim_1]
set_property top_lib xil_defaultlib [get_filesets sim_1]
update_compile_order -fileset sim_1
launch_simulation
launch_simulation
launch_simulation
launch_simulation
source ping_pong_tb.tcl
run 1 us
restart
run 1 us
close_sim
launch_simulation
source ping_pong_tb.tcl
restart
run 1 us
run 1 us
restart
restart
run 1 us
close_sim
launch_simulation
source ping_pong_tb.tcl
restart
run 1 us
restart
run 1 us
restart
run 1 us
close_sim
launch_simulation
source ping_pong_tb.tcl
run 1 us
restart
run 1 us
close_sim
launch_simulation
source ping_pong_tb.tcl
restart
run 1 us
run 1 us
restart
run 1 us
relaunch_sim
close_sim
launch_simulation
source ping_pong_tb.tcl
restart
run 1 us
restart
run 1 us
close_sim
launch_simulation
source ping_pong_tb.tcl
restart
run 1 us
close_sim
launch_simulation
source ping_pong_tb.tcl
restart
run 1 us
close_sim
launch_simulation
source ping_pong_tb.tcl
restart
run 1 us
close_sim
launch_simulation
source ping_pong_tb.tcl
restart
run 1 us
close_sim
launch_simulation
source ping_pong_tb.tcl
restart
run 2 us
run 3 us
run 3 us
run 3 us
close_sim
