#-----------------------------------------------------------
# Vivado v2018.3 (64-bit)
# SW Build 2405991 on Thu Dec  6 23:38:27 MST 2018
# IP Build 2404404 on Fri Dec  7 01:43:56 MST 2018
# Start of session at: Fri May 10 21:53:35 2019
# Process ID: 8568
# Current directory: C:/Users/Leonardo/Documents/Arquivos Leonardo/UnB/9 Semestre/Projeto de Circuitos Reconfiguraveis/PCR/Prova1/funcao_sensorial/funcao_sensorial.runs/impl_1
# Command line: vivado.exe -log sens_teste.vdi -applog -product Vivado -messageDb vivado.pb -mode batch -source sens_teste.tcl -notrace
# Log file: C:/Users/Leonardo/Documents/Arquivos Leonardo/UnB/9 Semestre/Projeto de Circuitos Reconfiguraveis/PCR/Prova1/funcao_sensorial/funcao_sensorial.runs/impl_1/sens_teste.vdi
# Journal file: C:/Users/Leonardo/Documents/Arquivos Leonardo/UnB/9 Semestre/Projeto de Circuitos Reconfiguraveis/PCR/Prova1/funcao_sensorial/funcao_sensorial.runs/impl_1\vivado.jou
#-----------------------------------------------------------
source sens_teste.tcl -notrace
